[INFO] Scanning for projects...
[INFO] 
[INFO] -----------------------< com.project:directory >------------------------
[INFO] Building owner-directory 0.0.1-SNAPSHOT
[INFO]   from pom.xml
[INFO] --------------------------------[ jar ]---------------------------------
[INFO] 
[INFO] --- resources:3.3.1:resources (default-resources) @ directory ---
[INFO] Copying 1 resource from src\main\resources to target\classes
[INFO] Copying 0 resource from src\main\resources to target\classes
[INFO] 
[INFO] --- compiler:3.11.0:compile (default-compile) @ directory ---
[INFO] Nothing to compile - all classes are up to date
[INFO] 
[INFO] --- resources:3.3.1:testResources (default-testResources) @ directory ---
[INFO] skip non existing resourceDirectory C:\Users\DELL\Downloads\Owner Directory Website\src\test\resources
[INFO] 
[INFO] --- compiler:3.11.0:testCompile (default-testCompile) @ directory ---
[INFO] Nothing to compile - all classes are up to date
[INFO] 
[INFO] --- surefire:3.1.2:test (default-test) @ directory ---
[INFO] Using auto detected provider org.apache.maven.surefire.junitplatform.JUnitPlatformProvider
[INFO] 
[INFO] -------------------------------------------------------
[INFO]  T E S T S
[INFO] -------------------------------------------------------
[INFO] Running com.project.directory.controller.OwnerControllerTest
14:22:32.846 [main] INFO org.springframework.test.context.support.AnnotationConfigContextLoaderUtils -- Could not detect default configuration classes for test class [com.project.directory.controller.OwnerControllerTest]: OwnerControllerTest does not declare any static, non-private, non-final, nested classes annotated with @Configuration.
14:22:33.144 [main] INFO org.springframework.boot.test.context.SpringBootTestContextBootstrapper -- Found @SpringBootConfiguration com.project.directory.OwnerDirectoryApplication for test class com.project.directory.controller.OwnerControllerTest

  .   ____          _            __ _ _
 /\\ / ___'_ __ _ _(_)_ __  __ _ \ \ \ \
( ( )\___ | '_ | '_| | '_ \/ _` | \ \ \ \
 \\/  ___)| |_)| | | | | || (_| |  ) ) ) )
  '  |____| .__|_| |_|_| |_\__, | / / / /
 =========|_|==============|___/=/_/_/_/
 :: Spring Boot ::                (v3.2.2)

2026-01-31T14:22:34.036+05:30  INFO 19840 --- [           main] c.p.d.controller.OwnerControllerTest     : Starting OwnerControllerTest using Java 17.0.17 with PID 19840 (started by DELL in C:\Users\DELL\Downloads\Owner Directory Website)
2026-01-31T14:22:34.038+05:30  INFO 19840 --- [           main] c.p.d.controller.OwnerControllerTest     : No active profile set, falling back to 1 default profile: "default"
mvn : OpenJDK 64-Bit 
Server VM warning: 
Sharing is only 
supported for boot 
loader classes 
because bootstrap 
classpath has been 
appended
At line:1 char:1
+ mvn test > 
test_output.txt 2>&1
+ ~~~~~~~~~~~~~~~~~~~
~~~~~~~~~~~~
    + CategoryInfo   
           : NotSpe  
  cified: (OpenJDK   
  64-Bit ...s bee    
n appended:Strin    
g) [], RemoteExc    
eption
    + FullyQualified 
   ErrorId : Native  
  CommandError
 
2026-01-31T14:22:38.779+05:30  INFO 19840 --- [           main] o.s.b.t.m.w.SpringBootMockServletContext : Initializing Spring TestDispatcherServlet ''
2026-01-31T14:22:38.779+05:30  INFO 19840 --- [           main] o.s.t.web.servlet.TestDispatcherServlet  : Initializing Servlet ''
2026-01-31T14:22:38.786+05:30  INFO 19840 --- [           main] o.s.t.web.servlet.TestDispatcherServlet  : Completed initialization in 3 ms
2026-01-31T14:22:38.857+05:30  INFO 19840 --- [           main] c.p.d.controller.OwnerControllerTest     : Started OwnerControllerTest in 5.596 seconds (process running for 7.332)

MockHttpServletRequest:
      HTTP Method = GET
      Request URI = /api/owners/search
       Parameters = {keyword=[John], page=[0], size=[10]}
          Headers = []
             Body = null
    Session Attrs = {}

Handler:
             Type = com.project.directory.controller.OwnerController
           Method = com.project.directory.controller.OwnerController#searchOwners(String, String, Pageable)

Async:
    Async started = false
     Async result = null

Resolved Exception:
             Type = null

ModelAndView:
        View name = null
             View = null
            Model = null

FlashMap:
       Attributes = null

MockHttpServletResponse:
           Status = 200
    Error message = null
          Headers = [Vary:"Origin", "Access-Control-Request-Method", "Access-Control-Request-Headers"]
     Content type = null
             Body = 
    Forwarded URL = null
   Redirected URL = null
          Cookies = []
[ERROR] Tests run: 3, Failures: 1, Errors: 0, Skipped: 0, Time elapsed: 7.452 s <<< FAILURE! -- in com.project.directory.controller.OwnerControllerTest
[ERROR] com.project.directory.controller.OwnerControllerTest.searchOwners_ShouldReturnPage -- Time elapsed: 0.063 s <<< FAILURE!
java.lang.AssertionError: No value at JSON path "$.content[0].name"
	at org.springframework.test.util.JsonPathExpectationsHelper.evaluateJsonPath(JsonPathExpectationsHelper.java:302)
	at org.springframework.test.util.JsonPathExpectationsHelper.assertValue(JsonPathExpectationsHelper.java:99)
	at org.springframework.test.web.servlet.result.JsonPathResultMatchers.lambda$value$2(JsonPathResultMatchers.java:111)
	at org.springframework.test.web.servlet.MockMvc$1.andExpect(MockMvc.java:214)
	at com.project.directory.controller.OwnerControllerTest.searchOwners_ShouldReturnPage(OwnerControllerTest.java:91)
	at java.base/java.lang.reflect.Method.invoke(Method.java:569)
	at java.base/java.util.ArrayList.forEach(ArrayList.java:1511)
	at java.base/java.util.ArrayList.forEach(ArrayList.java:1511)
Caused by: java.lang.IllegalArgumentException: json can not be null or empty
	at com.jayway.jsonpath.internal.Utils.notEmpty(Utils.java:401)
	at com.jayway.jsonpath.JsonPath.read(JsonPath.java:390)
	at com.jayway.jsonpath.JsonPath.read(JsonPath.java:377)
	at org.springframework.test.util.JsonPathExpectationsHelper.evaluateJsonPath(JsonPathExpectationsHelper.java:299)
	... 7 more

[INFO] 
[INFO] Results:
[INFO] 
[ERROR] Failures: 
[ERROR]   OwnerControllerTest.searchOwners_ShouldReturnPage:91 No value at JSON path "$.content[0].name"
[INFO] 
[ERROR] Tests run: 3, Failures: 1, Errors: 0, Skipped: 0
[INFO] 
[INFO] ------------------------------------------------------------------------
[INFO] BUILD FAILURE
[INFO] ------------------------------------------------------------------------
[INFO] Total time:  11.616 s
[INFO] Finished at: 2026-01-31T14:22:40+05:30
[INFO] ------------------------------------------------------------------------
[ERROR] Failed to execute goal org.apache.maven.plugins:maven-surefire-plugin:3.1.2:test (default-test) on project directory: There are test failures.
[ERROR] 
[ERROR] Please refer to C:\Users\DELL\Downloads\Owner Directory Website\target\surefire-reports for the individual test results.
[ERROR] Please refer to dump files (if any exist) [date].dump, [date]-jvmRun[N].dump and [date].dumpstream.
[ERROR] -> [Help 1]
[ERROR] 
[ERROR] To see the full stack trace of the errors, re-run Maven with the -e switch.
[ERROR] Re-run Maven using the -X switch to enable full debug logging.
[ERROR] 
[ERROR] For more information about the errors and possible solutions, please read the following articles:
[ERROR] [Help 1] http://cwiki.apache.org/confluence/display/MAVEN/MojoFailureException
